# Dump-header tests

## deacon.c.litmus

```
{
  "name": "deacon2018_big",
  "locations": null,
  "init": { "x": 0, "y": 0 },
  "postcondition": "exists (1:r0 == 0 /\\ 2:r1 == 2)"
}
```
## fuzz_local_bools.c.litmus

```
{
  "name": "test_9",
  "locations": null,
  "init": {
    "game_11": 230,
    "clumsy_unicorn_10": -2,
    "gentle_corridor": -444497203,
    "zebra": 325,
    "y": 0,
    "x": 0
  },
  "postcondition": "forall\n((x == 1 /\\ (y == 1 /\\ 0:r0 == 0)) \\/\n ((x == 1 /\\ (y == 1 /\\ 0:r0 == 1)) \\/ (x == 1 /\\ (y == 2 /\\ 0:r0 == 0))))"
}
```
## iriw.c.litmus

```
{
  "name": "iriw",
  "locations": null,
  "init": { "x": 0, "y": 0 },
  "postcondition": "exists (2:r0 == 1 /\\ 2:r1 == 0 /\\ 3:r0 == 1 /\\ 3:r1 == 0)"
}
```
## iriw_fuzz_redundant.c.litmus

```
{
  "name": "iriw",
  "locations": [
    "MaJgQmON3yu", "ZgoV7uel9o", "VFTQNWN", "m02M5s", "ne0J8wrPQam", "x", "y"
  ],
  "init": {
    "MaJgQmON3yu": 2728,
    "ZgoV7uel9o": 1073,
    "VFTQNWN": -13,
    "m02M5s": -64856,
    "ne0J8wrPQam": -12197004,
    "x": 0,
    "y": 0
  },
  "postcondition": "exists (2:r0 == 1 /\\ 2:r1 == 0 /\\ 3:r0 == 1 /\\ 3:r1 == 0)"
}
```
## memalloy_cmpxchg.c.litmus

```
{
  "name": "test_7",
  "locations": null,
  "init": { "x": 0 },
  "postcondition": "exists (0:r0 == 0 /\\ x == 2)"
}
```
## memalloy_na_int.c.litmus

```
{
  "name": "test_0",
  "locations": null,
  "init": { "x": 0 },
  "postcondition": "exists (0:r0 == 0 /\\ x == 1)"
}
```
## nonzero_local.c.litmus

```
{
  "name": "test_8",
  "locations": null,
  "init": { "x": 0 },
  "postcondition": "forall\n((0:r0 == 0 /\\ 1:r0 == 0 /\\ x == 1) \\/ (0:r0 == 0 /\\ 1:r0 == 0 /\\ x == 2))"
}
```
## rwc.c.litmus

```
{
  "name": "rwc",
  "locations": null,
  "init": { "x": 0, "y": 0 },
  "postcondition": "exists (1:r0 == 1 /\\ 1:r1 == 0 /\\ 2:r0 == 0)"
}
```

Ran 8 test(s).
